[promasti.com/Pro Script/index.html]
[backblue.gif]
[fade.gif]
[index.html]
[www.promasti.com/Pro Script/3.html]
[cdnjs.cloudflare.com/ajax/libs/animate.css/3.5.2/animate.min.css]
[promasti.com/Pro Script/style1.css]
[promasti.com/Pro Script/style2.css]
[promasti.com/Pro Script/S.png]
[promasti.com/Pro Script/doodle.js]
[promasti.com/Pro Script/jet.png]
[promasti.com/Pro Script/D.gif]
[promasti.com/Pro Script/3.jpg]
[promasti.com/Pro Script/vande.mp3]
[promasti.com/Pro Script/index.html]
[www.promasti.com/wp-content/cache/minify/7dd8f.css]
[promasti.com/wp-content/uploads/2017/12/layers-pro-logo-invert.png]
[www.google-analytics.com/analytics.js]
[code.createjs.com/createjs-2015.11.26.min.js]
[www.promasti.com/Pro Script/linkid.html]
[www.promasti.com/wp-content/cache/minify/92205.js]
[pagead2.googlesyndication.com/pagead/js/f.txt]
[www.promasti.com/wp-content/uploads/2017/12/cropped-ProMasti-Fav-icon-e1513220589293-32x32.png]
[www.promasti.com/wp-content/uploads/2017/12/cropped-ProMasti-Fav-icon-e1513220589293-192x192.png]
[www.promasti.com/wp-content/uploads/2017/12/cropped-ProMasti-Fav-icon-e1513220589293-180x180.png]
[promasti.com/wp-content/uploads/2017/12/PROMasti-logo.png]
[www.promasti.com/wp-content/uploads/2018/07/wb2-324x160.jpg]
[www.promasti.com/wp-content/uploads/2018/07/Responsive-Premium-Blogger-Templates-324x160.jpg]
[www.promasti.com/wp-content/uploads/2018/07/Group-Buy-SEO-Tools-324x160.png]
[www.promasti.com/wp-content/uploads/2018/05/12-Whatsapp-Viral-Script.jpg]
[www.promasti.com/wp-content/uploads/2018/05/SEO-Optimization-Tips.jpg]
[www.promasti.com/wp-content/uploads/2018/05/Root-Android-Phone.jpg]
[i2.wp.com/www.promasti.com/wp-content/uploads/2017/12/Whatsapp-18-Group-link-join-2018cb45.png]
[i1.wp.com/www.promasti.com/wp-content/uploads/2017/12/whatsapp-1cb45.jpg]
[i1.wp.com/www.promasti.com/wp-content/uploads/2017/12/18-Adult-Group-1cb45.jpg]
[www.promasti.com/cdn-cgi/scripts/5c5dd728/cloudflare-static/email-decode.min.js]
[www.promasti.com/wp-content/cache/minify/0fef6.js]
[s0.wp.com/wp-content/js/devicepx-jetpack.js]
[www.promasti.com/wp-content/cache/minify/6f647.js]
[www.promasti.com/Pro Script/3.html]
[cdnjs.cloudflare.com/ajax/libs/animate.css/3.5.2/animate.min.css]
[promasti.com/Pro Script/style1.css]
[www.promasti.com/wp-content/themes/Newspaper/style.css]
[stats.wp.com/e-201830.js]
[promasti.com/Pro Script/style2.css]
[promasti.com/Pro Script/service-worker.js]
[promasti.com/Pro Script/doodle.js]
[www.promasti.com/wp-content/plugins/contact-form-7/images/ajax-loader.gif]
[www.promasti.com/wp-content/cache/minify/7dd8f.css]
[www.promasti.com/Pro Script/linkid.html]
[www.promasti.com/wp-content/cache/minify/92205.js]
[www.promasti.com/wp-content/cache/minify/0fef6.js]
[s0.wp.com/wp-content/js/devicepx-jetpack.js]
[www.promasti.com/Pro Script/linkid-2.html]
[www.promasti.com/wp-content/cache/minify/6f647.js]
[www.promasti.com/wp-content/themes/Newspaper/images/icons/newspaperaab3.eot]
[www.promasti.com/wp-content/themes/Newspaper/images/icons/newspaperaab3.woff]
[www.promasti.com/wp-content/themes/Newspaper/images/icons/newspaperaab3.ttf]
[www.promasti.com/wp-content/themes/Newspaper/images/icons/newspaperaab3.svg]
[www.promasti.com/wp-content/themes/Newspaper/images/icons/newspaper-iconsc4ca.eot]
[www.promasti.com/wp-content/themes/Newspaper/images/icons/newspaper-iconsc4ca.woff]
[www.promasti.com/wp-content/themes/Newspaper/images/icons/newspaper-iconsc4ca.ttf]
[www.promasti.com/wp-content/themes/Newspaper/images/icons/newspaper-iconsc4ca.svg]
[www.promasti.com/wp-content/themes/Newspaper/images/sprite/elements@2x.png]
[www.promasti.com/wp-content/themes/Newspaper/images/sprite/elements.png]
[www.promasti.com/wp-content/themes/Newspaper/demos_popup/demos-popup3860.png]
[www.promasti.com/wp-content/themes/Newspaper/demos_popup/new-badge.html]
[www.promasti.com/wp-content/themes/Newspaper/images/sprite/weather/clear-sky-d.png]
[www.promasti.com/wp-content/themes/Newspaper/images/sprite/weather/clear-sky-n.png]
[www.promasti.com/wp-content/themes/Newspaper/images/sprite/weather/few-clouds-d.png]
[www.promasti.com/wp-content/themes/Newspaper/images/sprite/weather/few-clouds-n.png]
[www.promasti.com/wp-content/themes/Newspaper/images/sprite/weather/scattered-clouds-d.png]
[www.promasti.com/wp-content/themes/Newspaper/images/sprite/weather/scattered-clouds-n.png]
[www.promasti.com/wp-content/themes/Newspaper/images/sprite/weather/broken-clouds-d.png]
[www.promasti.com/wp-content/themes/Newspaper/images/sprite/weather/broken-clouds-n.png]
[www.promasti.com/wp-content/themes/Newspaper/images/sprite/weather/shower-rain-d.png]
[www.promasti.com/wp-content/themes/Newspaper/images/sprite/weather/shower-rain-n.png]
[www.promasti.com/wp-content/themes/Newspaper/images/sprite/weather/rain-d.png]
[www.promasti.com/wp-content/themes/Newspaper/images/sprite/weather/rain-n.png]
[www.promasti.com/wp-content/themes/Newspaper/images/sprite/weather/thunderstorm.png]
[www.promasti.com/wp-content/themes/Newspaper/images/sprite/weather/snow-d.png]
[www.promasti.com/wp-content/themes/Newspaper/images/sprite/weather/snow-n.png]
[www.promasti.com/wp-content/themes/Newspaper/images/sprite/weather/mist.png]
[www.promasti.com/wp-content/themes/Newspaper/images/flags/flags.png]
[www.promasti.com/wp-content/themes/Newspaper/style.css]
[www.promasti.com/Pro Script/g.html]
[www.promasti.com/Pro Script/c.html]
[stats.wp.com/e-201830.js]
[www.promasti.com/Pro Script/linkid-2.html]
[www.promasti.com/Pro Script/t.html]
